
============================================================
SCRAPING: 小米MiMo — https://platform.xiaomimimo.com/docs/zh-CN/pricing
============================================================
  Title: Xiaomi MiMo Home
  Page text length: 1709 chars
  --- PAGE TEXT (first 10000 chars) ---
MiMo-V2 系列模型已于 2026.6.30 00:00 正式下线，原模型名称已失效，请及时核对并完成 V2.5 系列的切换。查看详情 →
文档
研究
模型
动态
价格
联系我们
中文
控制台
快速开始
API 文档
价格
Token Plan
新闻
更新日志
Token Plan
MiMo Claw
与 MiMo 对话
Ctrl
按量计费 API
Token Plan
邀请好友得体验金
API 定价

Xiaomi MiMo API 的按量计费使用开放平台普通 API Key，并按实际 Token 用量消耗账户余额，与 Token Plan 套餐额度不互通。

计费说明

计费单位：国内：元 / 百万 tokens ；海外：美元 / 百万 tokens

缓存命中：当请求的前缀内容命中 Prompt Cache 时，按命中缓存价格计费

缓存写入： 限时免费

ASR 系列模型按照输入音频时长计费：时长统计精确到秒，最终折算成小时计费

联网搜索按调用次数独立计费，不含在 Token 价格中

模型国内定价

MiMo-V2.5 系列	输入（命中缓存）	输入（未命中缓存）	输出
mimo-v2.5-pro	¥0.025	¥3.00	¥6.00
mimo-v2.5	¥0.02	¥1.00	¥2.00

ASR 系列	输入音频时长
mimo-v2.5-asr	¥0.5 /小时

TTS 系列

mimo-v2.5-tts、mimo-v2.5-tts-voiceclone、mimo-v2.5-tts-voicedesign 限时免费



模型海外定价

MiMo-V2.5 系列	输入（命中缓存）	输入（未命中缓存）	输出
mimo-v2.5-pro	$0.0036	$0.435	$0.87
mimo-v2.5	$0.0028	$0.14	$0.28

ASR 系列	输入音频时长
mimo-v2.5-asr	$0.074 /小时

TTS 系列

mimo-v2.5-tts、mimo-v2.5-tts-voiceclone、mimo-v2.5-tts-voicedesign 限时免费



联网服务插件定价

服务项	价格	说明
国内联网服务	¥16 /1000 次	包含网页搜索和网页解析，用于国内区域联网搜索相关内容
海外联网服务	$5 /1000 次	包含网页搜索和网页解析，用于海外区域联网搜索相关内容
更新时间 2026 年 08 月 06 日
列出模型
Token Plan
目录
模型国内定价
模型海外定价
联网服务插件定价
回到顶部
开放平台微信群
开放平台飞书群
Token Plan
微信群
Token Plan
飞书群
产品
Xiaomi MiMo API
Xiaomi MiMo Studio
Xiaomi MiMo Claw
Xiaomi MiMo Code
开放平台
文档中心
常见问题
API 定价
Token Plan
动态
新闻
更新日志
MiMo Blog
关于我们
服务协议
隐私政策

Copyright©2026 Xiaomi. All Rights Reserved

Xiaomi MiMo : 备案号 Beijing-XiaomiMiMo-202601050182|小米大语言模型算法 : 备案号 网信算备110108916280901240011号|京ICP备17028681号-55

MiMo Claw 正式版上线：旗舰模型 + 金山办公生态，订阅服务全新开启
旗舰模型加持，Agent 更聪明

搭载 mimo-v2.5-pro 旗舰模型，与 OpenClaw 框架原生深度适配，长链路任务更稳、更连贯，复杂任务一气呵成。

联合金山办公生态，办公一站搞定

支持 Word / Excel / PPT / PDF 四大格式，AI 生成 → 在线预览 → 实时编辑全程闭环。

免费权益加码，订阅灵活

单次免费使用时长 1h→4h / 天。一键叠加现有 TokenPlan，限时特惠首次 ¥14.9 / 月

订阅详情
立即体验
  --- END ---
  Tables found: 5
  [Table 0]
MiMo-V2.5 系列	输入（命中缓存）	输入（未命中缓存）	输出
mimo-v2.5-pro	¥0.025	¥3.00	¥6.00
mimo-v2.5	¥0.02	¥1.00	¥2.00

  [Table 1]
ASR 系列	输入音频时长
mimo-v2.5-asr	¥0.5 /小时

  [Table 2]
MiMo-V2.5 系列	输入（命中缓存）	输入（未命中缓存）	输出
mimo-v2.5-pro	$0.0036	$0.435	$0.87
mimo-v2.5	$0.0028	$0.14	$0.28

  [Table 3]
ASR 系列	输入音频时长
mimo-v2.5-asr	$0.074 /小时

  [Table 4]
服务项	价格	说明
国内联网服务	¥16 /1000 次	包含网页搜索和网页解析，用于国内区域联网搜索相关内容
海外联网服务	$5 /1000 次	包含网页搜索和网页解析，用于海外区域联网搜索相关内容


============================================================
SCRAPING: 腾讯云Hunyuan — https://cloud.tencent.com/document/product/1823/130055
============================================================
  ERROR: page.goto: Timeout 60000ms exceeded.
Call log:
  - navigating to "https://cloud.tencent.com/document/product/1823/130055", waiting until "networkidle"

